PLACE 1 Buy Limit 0.09 12 1777199256849
PLACE 2 Buy Limit 0.23 15 1777199263896
PLACE 3 Sell Limit 0.26 17 1777199273591
PLACE 4 Sell Limit 0.5 50 1777199289863
PLACE 5 Sell Limit 0.24 2 1777199572370
PLACE 7 Sell Market 0 2 1777199593343
PLACE 14 Buy Market 0 2 1777199614845
PLACE 12 Buy Limit 0.16 12 1777199658901
PLACE 17 Buy Limit 0.27 5 1777199674333
CANCEL 2
PLACE 15 Buy Limit 0.38 13 1777201158771
PLACE 30 Buy Limit 0.26 23 1777201190139
PLACE 21 Buy Limit 0.16 14 1777201514913
PLACE 23 Buy Limit 0.19 5 1777203047099
PLACE 42 Buy Limit 0.51 7 1777203064543
PLACE 16 Sell Limit 0.15 5 1777204112076
PLACE 20 Buy Limit 0.6 5 1777204127208
PLACE 8 Buy Limit 0.07 9 1777210752963
PLACE 6 Buy Limit 0.26 10 1777211163380
PLACE 20 Buy Limit 0.26 5 1777211184086
PLACE 34 Buy Limit 0.26 3 1777211209756
PLACE 41 Sell Limit 0.21 19 1777211290185
PLACE 21 Sell Limit 0.19 6 1777211311871
PLACE 34 Sell Limit 0.13 4 1777211346273
PLACE 68 Sell Market 0 4 1777211378281
PLACE 39 Buy Limit 0 10 1777211390825
PLACE 60 Buy Market 0 6 1777211419139
PLACE 80 Sell Market 0 6 1777211437830
CANCEL 1
CANCEL 39
PLACE 108 Sell Market 0 4 1777306950478
PLACE 120 Buy Market 0 10 1777307076251
PLACE 145 Sell Market 0 5 1777307088119
